// Jest Snapshot v1, https://goo.gl/fbAQLP

exports[`AdminPage can show error message for empty fields 1`] = `"<div id=\\"admin-page-container\\"><section id=\\"upload-form-container\\"><h2>Last opp hologram</h2><div id=\\"upload-form-card\\" class=\\"card\\"><form><h4>Fyll inn alle feltene</h4><div><div><label>Navn <input name=\\"name\\" type=\\"text\\" value=\\"\\"></label></div><div><label>Hologram <input name=\\"file\\" type=\\"file\\" value=\\"\\"></label></div><button type=\\"submit\\">LAST OPP</button></div></form></div></section><section id=\\"hologram-list-container\\"><h2>Opplastinger</h2><div><p><i>Ingenting Ã¥ vise</i></p></div></section></div>"`;

exports[`AdminPage can show error message on uploading file 1`] = `"<div id=\\"admin-page-container\\"><section id=\\"upload-form-container\\"><h2>Last opp hologram</h2><div id=\\"upload-form-card\\" class=\\"card\\"><form><h4>Error: Error</h4><div><div><label>Navn <input name=\\"name\\" type=\\"text\\" value=\\"Tollvaktboden\\"></label></div><div><label>Hologram <input name=\\"file\\" type=\\"file\\" value=\\"\\"></label></div><button type=\\"submit\\">LAST OPP</button></div></form></div></section><section id=\\"hologram-list-container\\"><h2>Opplastinger</h2><div><article><p>Skipskranen</p><button id=\\"del-btn\\">SLETT</button></article></div></section></div>"`;

exports[`AdminPage shows uploaded files 1`] = `"<div id=\\"admin-page-container\\"><section id=\\"upload-form-container\\"><h2>Last opp hologram</h2><div id=\\"upload-form-card\\" class=\\"card\\"><form><div><div><label>Navn <input name=\\"name\\" type=\\"text\\" value=\\"\\"></label></div><div><label>Hologram <input name=\\"file\\" type=\\"file\\" value=\\"\\"></label></div><button type=\\"submit\\">LAST OPP</button></div></form></div></section><section id=\\"hologram-list-container\\"><h2>Opplastinger</h2><div><article><p>Skipskranen</p><button id=\\"del-btn\\">SLETT</button></article></div></section></div>"`;
