// Jest Snapshot v1, https://goo.gl/fbAQLP

exports[`App can route to correct path 1`] = `"<div><header><nav><ul><li><a aria-current=\\"page\\" class=\\"is-active\\" href=\\"/\\">HVA ER?</a></li><li><a href=\\"/kontakt\\">KONTAKT</a></li><li><a href=\\"/admin\\">ADMIN</a></li></ul></nav><button>LOGG UT</button></header><div id=\\"home-page-container\\" class=\\"card-container\\"><div id=\\"home-page-banner\\" class=\\"card\\"><div id=\\"home-page-banner-fade\\"><div id=\\"home-page-banner-content-wrapper\\"><h1>HOLOSEUM</h1><p>Et mobilt mini-museum som gir deg en smakebit av et ekte museum. Sammen med våre samarbeidspartnere har vi designet 3D-modeller av museumsgjenstander som kan vises hvor som helst!<br><br>Museumsgjenstandene vises som et 3D-hologram via et nettbrett. Velg blant de ulike muséene og få tilsendt det du trenger for å utforske norsk historie!<br><br>Bla ned for å se hvordan det fungerer.</p><a href=\\"/kontakt\\"><button id=\\"contact-btn\\" class=\\"ui button\\">KONTAKT OSS</button></a></div></div></div><div id=\\"div-center\\" class=\\"card aos-init aos-animate\\" data-aos=\\"fade-up\\"></div><div id=\\"div-1\\" class=\\"guide-point card aos-init aos-animate\\" data-aos=\\"fade-up\\" data-aos-offset=\\"400\\"></div><div id=\\"div-2\\" class=\\"guide-point card aos-init aos-animate\\" data-aos=\\"fade-up\\" data-aos-delay=\\"500\\"></div><div id=\\"div-3\\" class=\\"guide-point card aos-init aos-animate\\" data-aos=\\"fade-up\\" data-aos-delay=\\"500\\"></div></div><footer><h4>footer</h4></footer></div>"`;

exports[`App routes to NotFound component on invalid path 1`] = `"<div><div id=\\"not-found-container\\" class=\\"center-full-screen\\"><h1>404</h1><p>Siden du lette etter finnes ikke</p><a href=\\"/\\">Klikk her for å gå til hovedsiden</a></div></div>"`;
