// Jest Snapshot v1, https://goo.gl/fbAQLP

exports[`HoloseumApp can route to correct path 1`] = `"<div><header><nav><ul><li><a aria-current=\\"page\\" class=\\"is-active\\" href=\\"/\\">HVA ER?</a></li><li><a href=\\"/kontakt\\">KONTAKT</a></li><li><a href=\\"/admin\\">ADMIN</a></li></ul></nav><button>LOGG UT</button></header><div id=\\"home-page-container\\"><div id=\\"home-page-banner\\" class=\\"card\\"><div id=\\"home-page-banner-fade\\"><div id=\\"home-page-banner-content-wrapper\\"><h1>HOLOSEUM</h1><p>Et mobilt mini-museum som gir deg en smakebit av et ekte museum. Sammen med våre samarbeidspartnere har vi designet 3D-modeller av museumsgjenstander som kan vises hvor som helst!<br><br>Museumsgjenstandene vises som et 3D-hologram via et nettbrett. Velg blant de ulike muséene og få tilsendt det du trenger for å utforske norsk historie!<br><br>Bla ned for å se hvordan det fungerer.</p><a href=\\"/kontakt\\"><button id=\\"contact-btn\\" class=\\"ui button\\">KONTAKT OSS</button></a></div></div></div><div id=\\"guide-container\\"><div class=\\"guide-point card aos-init aos-animate\\" data-aos=\\"fade-up\\"><h2>1</h2><img src=\\"\\" alt=\\"Animasjon - guide steg 1\\"><p>Sett sammen stativet</p></div><div class=\\"guide-point card aos-init aos-animate\\" data-aos=\\"fade-up\\" data-aos-delay=\\"500\\"><h2>2</h2><img src=\\"\\" alt=\\"Animasjon - guide steg 2\\"><p>Bruk et nettbrett og skann en QR-kode på kartet i brosjyren</p></div><div class=\\"guide-point card aos-init aos-animate\\" data-aos=\\"fade-up\\" data-aos-delay=\\"1000\\"><h2>3</h2><img src=\\"\\" alt=\\"Animasjon - guide steg 3\\"><p>Legg nettbrettet på toppen av stativet, og hologrammet vil vises</p></div></div></div><footer></footer></div>"`;

exports[`HoloseumApp routes to NotFound component on invalid path 1`] = `"<div><div id=\\"not-found-container\\" class=\\"center-full-screen\\"><h1>404</h1><p>Siden finnes ikke</p><a href=\\"/\\">Klikk her for å gå til hovedsiden</a></div></div>"`;
