// Jest Snapshot v1, https://goo.gl/fbAQLP

exports[`HologramView can show error 1`] = `"<div id=\\"error-container\\" class=\\"center-full-screen\\"><h1>Error</h1><p>Noe gikk galt: Error: Error</p><button>PRÃ˜V IGJEN</button></div>"`;
