// Jest Snapshot v1, https://goo.gl/fbAQLP

exports[`LoginPage can show error message 1`] = `"<div id=\\"login-page-container\\"><div id=\\"login-card\\"><a href=\\"/\\">← Hovedside</a><h2>Admin - Logg Inn</h2><form><div id=\\"input-error-view\\"><i class=\\"fa fa-exclamation\\" title=\\"Utropstegn\\" aria-label=\\"Utropstegn\\"></i><h4>Error: Feil brukernavn/passord</h4></div><label> <input name=\\"username\\" type=\\"text\\" placeholder=\\"Brukernavn\\" value=\\"realDonaldTrump\\"></label><label> <input name=\\"password\\" type=\\"password\\" placeholder=\\"Passord\\" value=\\"yourehired\\"></label><button>LOGG INN</button></form></div></div>"`;

exports[`LoginPage can show error message for empty fields 1`] = `"<div id=\\"login-page-container\\"><div id=\\"login-card\\"><a href=\\"/\\">← Hovedside</a><h2>Admin - Logg Inn</h2><form><div id=\\"input-error-view\\"><i class=\\"fa fa-exclamation\\" title=\\"Utropstegn\\" aria-label=\\"Utropstegn\\"></i><h4>Vennligst fyll inn begge feltene</h4></div><label> <input name=\\"username\\" type=\\"text\\" placeholder=\\"Brukernavn\\" value=\\"\\"></label><label> <input name=\\"password\\" type=\\"password\\" placeholder=\\"Passord\\" value=\\"\\"></label><button>LOGG INN</button></form></div></div>"`;
